 FiboNumberByAS

 Timestamp is 552e6424 (Wed Apr 15 21:14:12 2015)

 Preferred load address is 00400000

 Start         Length     Name                   Class
 0001:00000000 000024d3H .text                   CODE
 0002:00000000 00000121H .rdata                  DATA
 0002:00000121 00000000H .edata                  DATA
 0002:00000124 0000018bH .rdata$debug            DATA
 0003:00000000 00000b3aH .data                   DATA
 0003:00000b40 00000275H .bss                    DATA
 0004:00000000 00000028H .idata$2                DATA
 0004:00000028 00000014H .idata$3                DATA
 0004:0000003c 000000d8H .idata$4                DATA
 0004:00000114 000000d8H .idata$5                DATA
 0004:000001ec 00000347H .idata$6                DATA

  Address         Publics by Value              Rva+Base       Lib:Object

 0000:00000000       ___safe_se_handler_table   00000000     <absolute>
 0000:00000000       ___safe_se_handler_count   00000000     <absolute>
 0001:00000010       _main@0                    00401010 f   Fibo.obj
 0001:00000040       _CloseFile@0               00401040 f   Irvine32:Irvine32.obj
 0001:00000047       _Clrscr@0                  00401047 f   Irvine32:Irvine32.obj
 0001:0000010c       _CreateOutputFile@0        0040110c f   Irvine32:Irvine32.obj
 0001:00000125       _Crlf@0                    00401125 f   Irvine32:Irvine32.obj
 0001:00000140       _Delay@0                   00401140 f   Irvine32:Irvine32.obj
 0001:00000149       _DumpMem@0                 00401149 f   Irvine32:Irvine32.obj
 0001:00000204       _DumpRegs@0                00401204 f   Irvine32:Irvine32.obj
 0001:000003ff       _GetCommandTail@0          004013ff f   Irvine32:Irvine32.obj
 0001:0000043c       _GetDateTime@4             0040143c f   Irvine32:Irvine32.obj
 0001:0000046e       _GetMaxXY@0                0040146e f   Irvine32:Irvine32.obj
 0001:0000049d       _GetMseconds@0             0040149d f   Irvine32:Irvine32.obj
 0001:000004fa       _GetTextColor@0            004014fa f   Irvine32:Irvine32.obj
 0001:00000525       _Gotoxy@0                  00401525 f   Irvine32:Irvine32.obj
 0001:0000057d       _IsDigit@0                 0040157d f   Irvine32:Irvine32.obj
 0001:0000058a       _MsgBox@0                  0040158a f   Irvine32:Irvine32.obj
 0001:000005a1       _MsgBoxAsk@0               004015a1 f   Irvine32:Irvine32.obj
 0001:000005c0       _OpenInputFile@0           004015c0 f   Irvine32:Irvine32.obj
 0001:000005d9       _ParseDecimal32@0          004015d9 f   Irvine32:Irvine32.obj
 0001:0000063b       _ParseInteger32@0          0040163b f   Irvine32:Irvine32.obj
 0001:000006f6       _Random32@0                004016f6 f   Irvine32:Irvine32.obj
 0001:00000711       _RandomRange@0             00401711 f   Irvine32:Irvine32.obj
 0001:00000726       _Randomize@0               00401726 f   Irvine32:Irvine32.obj
 0001:0000073f       _ReadChar@0                0040173f f   Irvine32:Irvine32.obj
 0001:00000755       _ReadDec@0                 00401755 f   Irvine32:Irvine32.obj
 0001:00000770       _ReadFromFile@0            00401770 f   Irvine32:Irvine32.obj
 0001:00000793       _ReadHex@0                 00401793 f   Irvine32:Irvine32.obj
 0001:00000814       _ReadInt@0                 00401814 f   Irvine32:Irvine32.obj
 0001:0000082f       _ReadKey@0                 0040182f f   Irvine32:Irvine32.obj
 0001:0000094a       _ReadKeyFlush@0            0040194a f   Irvine32:Irvine32.obj
 0001:00000a18       _ReadString@0              00401a18 f   Irvine32:Irvine32.obj
 0001:00000ad1       _SetTextColor@0            00401ad1 f   Irvine32:Irvine32.obj
 0001:00000af2       _StrLength@0               00401af2 f   Irvine32:Irvine32.obj
 0001:00000b03       _Str_compare@8             00401b03 f   Irvine32:Irvine32.obj
 0001:00000b2d       _Str_copy@8                00401b2d f   Irvine32:Irvine32.obj
 0001:00000b50       _Str_length@4              00401b50 f   Irvine32:Irvine32.obj
 0001:00000b6a       _Str_trim@8                00401b6a f   Irvine32:Irvine32.obj
 0001:00000b98       _Str_ucase@4               00401b98 f   Irvine32:Irvine32.obj
 0001:00000bba       _WaitMsg@0                 00401bba f   Irvine32:Irvine32.obj
 0001:00000bcc       _WriteBin@0                00401bcc f   Irvine32:Irvine32.obj
 0001:00000bd9       _WriteBinB@0               00401bd9 f   Irvine32:Irvine32.obj
 0001:00000c2c       _WriteChar@0               00401c2c f   Irvine32:Irvine32.obj
 0001:00000c5e       _WriteDec@0                00401c5e f   Irvine32:Irvine32.obj
 0001:00000c9f       _WriteHex@0                00401c9f f   Irvine32:Irvine32.obj
 0001:00000cac       _WriteHexB@0               00401cac f   Irvine32:Irvine32.obj
 0001:00000d3e       _WriteInt@0                00401d3e f   Irvine32:Irvine32.obj
 0001:00000d9f       _WriteStackFrameName@16    00401d9f f   Irvine32:Irvine32.obj
 0001:00000f1f       _WriteStackFrame@12        00401f1f f   Irvine32:Irvine32.obj
 0001:00000f39       _WriteString@0             00401f39 f   Irvine32:Irvine32.obj
 0001:00000f65       _WriteToFile@0             00401f65 f   Irvine32:Irvine32.obj
 0001:00000f7a       _WriteWindowsMsg@0         00401f7a f   Irvine32:Irvine32.obj
 0001:00001014       _ExitProcess@4             00402014 f   kernel32:KERNEL32.dll
 0001:0000101a       _CloseHandle@4             0040201a f   kernel32:KERNEL32.dll
 0001:00001020       _CreateFileA@28            00402020 f   kernel32:KERNEL32.dll
 0001:00001026       _FormatMessageA@28         00402026 f   kernel32:KERNEL32.dll
 0001:0000102c       _FlushConsoleInputBuffer@4 0040202c f   kernel32:KERNEL32.dll
 0001:00001032       _GetCommandLineA@0         00402032 f   kernel32:KERNEL32.dll
 0001:00001038       _GetConsoleMode@8          00402038 f   kernel32:KERNEL32.dll
 0001:0000103e       _GetConsoleScreenBufferInfo@8 0040203e f   kernel32:KERNEL32.dll
 0001:00001044       _GetLastError@0            00402044 f   kernel32:KERNEL32.dll
 0001:0000104a       _GetLocalTime@4            0040204a f   kernel32:KERNEL32.dll
 0001:00001050       _GetStdHandle@4            00402050 f   kernel32:KERNEL32.dll
 0001:00001056       _GetSystemTime@4           00402056 f   kernel32:KERNEL32.dll
 0001:0000105c       _LocalFree@4               0040205c f   kernel32:KERNEL32.dll
 0001:00001062       _PeekConsoleInputA@16      00402062 f   kernel32:KERNEL32.dll
 0001:00001068       _ReadConsoleA@20           00402068 f   kernel32:KERNEL32.dll
 0001:0000106e       _ReadConsoleInputA@16      0040206e f   kernel32:KERNEL32.dll
 0001:00001074       _ReadFile@20               00402074 f   kernel32:KERNEL32.dll
 0001:0000107a       _SetConsoleCursorPosition@8 0040207a f   kernel32:KERNEL32.dll
 0001:00001080       _SetConsoleMode@8          00402080 f   kernel32:KERNEL32.dll
 0001:00001086       _SetConsoleTextAttribute@8 00402086 f   kernel32:KERNEL32.dll
 0001:0000108c       _Sleep@4                   0040208c f   kernel32:KERNEL32.dll
 0001:00001092       _SystemTimeToFileTime@8    00402092 f   kernel32:KERNEL32.dll
 0001:00001098       _WriteConsoleA@20          00402098 f   kernel32:KERNEL32.dll
 0001:0000109e       _WriteConsoleOutputCharacterA@20 0040209e f   kernel32:KERNEL32.dll
 0001:000010a4       _WriteConsoleOutputAttribute@20 004020a4 f   kernel32:KERNEL32.dll
 0001:000010aa       _WriteFile@20              004020aa f   kernel32:KERNEL32.dll
 0001:000010b0       _MessageBoxA@16            004020b0 f   user32:USER32.dll
 0004:00000000       __IMPORT_DESCRIPTOR_KERNEL32 00406000     kernel32:KERNEL32.dll
 0004:00000014       __IMPORT_DESCRIPTOR_USER32 00406014     user32:USER32.dll
 0004:00000028       __NULL_IMPORT_DESCRIPTOR   00406028     kernel32:KERNEL32.dll
 0004:00000114       __imp__ExitProcess@4       00406114     kernel32:KERNEL32.dll
 0004:00000118       __imp__CloseHandle@4       00406118     kernel32:KERNEL32.dll
 0004:0000011c       __imp__CreateFileA@28      0040611c     kernel32:KERNEL32.dll
 0004:00000120       __imp__FormatMessageA@28   00406120     kernel32:KERNEL32.dll
 0004:00000124       __imp__FlushConsoleInputBuffer@4 00406124     kernel32:KERNEL32.dll
 0004:00000128       __imp__GetCommandLineA@0   00406128     kernel32:KERNEL32.dll
 0004:0000012c       __imp__GetConsoleMode@8    0040612c     kernel32:KERNEL32.dll
 0004:00000130       __imp__GetConsoleScreenBufferInfo@8 00406130     kernel32:KERNEL32.dll
 0004:00000134       __imp__GetLastError@0      00406134     kernel32:KERNEL32.dll
 0004:00000138       __imp__GetLocalTime@4      00406138     kernel32:KERNEL32.dll
 0004:0000013c       __imp__GetStdHandle@4      0040613c     kernel32:KERNEL32.dll
 0004:00000140       __imp__GetSystemTime@4     00406140     kernel32:KERNEL32.dll
 0004:00000144       __imp__LocalFree@4         00406144     kernel32:KERNEL32.dll
 0004:00000148       __imp__PeekConsoleInputA@16 00406148     kernel32:KERNEL32.dll
 0004:0000014c       __imp__ReadConsoleA@20     0040614c     kernel32:KERNEL32.dll
 0004:00000150       __imp__ReadConsoleInputA@16 00406150     kernel32:KERNEL32.dll
 0004:00000154       __imp__ReadFile@20         00406154     kernel32:KERNEL32.dll
 0004:00000158       __imp__SetConsoleCursorPosition@8 00406158     kernel32:KERNEL32.dll
 0004:0000015c       __imp__SetConsoleMode@8    0040615c     kernel32:KERNEL32.dll
 0004:00000160       __imp__SetConsoleTextAttribute@8 00406160     kernel32:KERNEL32.dll
 0004:00000164       __imp__Sleep@4             00406164     kernel32:KERNEL32.dll
 0004:00000168       __imp__SystemTimeToFileTime@8 00406168     kernel32:KERNEL32.dll
 0004:0000016c       __imp__WriteConsoleA@20    0040616c     kernel32:KERNEL32.dll
 0004:00000170       __imp__WriteConsoleOutputCharacterA@20 00406170     kernel32:KERNEL32.dll
 0004:00000174       __imp__WriteConsoleOutputAttribute@20 00406174     kernel32:KERNEL32.dll
 0004:00000178       __imp__WriteFile@20        00406178     kernel32:KERNEL32.dll
 0004:0000017c       \177KERNEL32_NULL_THUNK_DATA 0040617c     kernel32:KERNEL32.dll
 0004:000001bc       __imp__MessageBoxA@16      004061bc     user32:USER32.dll
 0004:000001c0       \177USER32_NULL_THUNK_DATA 004061c0     user32:USER32.dll

 entry point at        0001:00000005

