 FillArray

 Timestamp is 554af965 (Thu May 07 13:34:29 2015)

 Preferred load address is 00400000

 Start         Length     Name                   Class
 0001:00000000 0000250fH .text                   CODE
 0002:00000000 00000121H .rdata                  DATA
 0002:00000121 00000000H .edata                  DATA
 0002:00000124 0000017fH .rdata$debug            DATA
 0003:00000000 00000d07H .data                   DATA
 0003:00000d10 00000275H .bss                    DATA
 0004:00000000 00000028H .idata$2                DATA
 0004:00000028 00000014H .idata$3                DATA
 0004:0000003c 000000d8H .idata$4                DATA
 0004:00000114 000000d8H .idata$5                DATA
 0004:000001ec 00000347H .idata$6                DATA

  Address         Publics by Value              Rva+Base       Lib:Object

 0000:00000000       ___safe_se_handler_table   00000000     <absolute>
 0000:00000000       ___safe_se_handler_count   00000000     <absolute>
 0001:00000020       _ArrayFill@0               00401020 f   main.obj
 0001:0000005a       _main@0                    0040105a f   main.obj
 0001:00000080       _CloseFile@0               00401080 f   Irvine32:Irvine32.obj
 0001:00000087       _Clrscr@0                  00401087 f   Irvine32:Irvine32.obj
 0001:0000014c       _CreateOutputFile@0        0040114c f   Irvine32:Irvine32.obj
 0001:00000165       _Crlf@0                    00401165 f   Irvine32:Irvine32.obj
 0001:00000180       _Delay@0                   00401180 f   Irvine32:Irvine32.obj
 0001:00000189       _DumpMem@0                 00401189 f   Irvine32:Irvine32.obj
 0001:00000244       _DumpRegs@0                00401244 f   Irvine32:Irvine32.obj
 0001:0000043f       _GetCommandTail@0          0040143f f   Irvine32:Irvine32.obj
 0001:0000047c       _GetDateTime@4             0040147c f   Irvine32:Irvine32.obj
 0001:000004ae       _GetMaxXY@0                004014ae f   Irvine32:Irvine32.obj
 0001:000004dd       _GetMseconds@0             004014dd f   Irvine32:Irvine32.obj
 0001:0000053a       _GetTextColor@0            0040153a f   Irvine32:Irvine32.obj
 0001:00000565       _Gotoxy@0                  00401565 f   Irvine32:Irvine32.obj
 0001:000005bd       _IsDigit@0                 004015bd f   Irvine32:Irvine32.obj
 0001:000005ca       _MsgBox@0                  004015ca f   Irvine32:Irvine32.obj
 0001:000005e1       _MsgBoxAsk@0               004015e1 f   Irvine32:Irvine32.obj
 0001:00000600       _OpenInputFile@0           00401600 f   Irvine32:Irvine32.obj
 0001:00000619       _ParseDecimal32@0          00401619 f   Irvine32:Irvine32.obj
 0001:0000067b       _ParseInteger32@0          0040167b f   Irvine32:Irvine32.obj
 0001:00000736       _Random32@0                00401736 f   Irvine32:Irvine32.obj
 0001:00000751       _RandomRange@0             00401751 f   Irvine32:Irvine32.obj
 0001:00000766       _Randomize@0               00401766 f   Irvine32:Irvine32.obj
 0001:0000077f       _ReadChar@0                0040177f f   Irvine32:Irvine32.obj
 0001:00000795       _ReadDec@0                 00401795 f   Irvine32:Irvine32.obj
 0001:000007b0       _ReadFromFile@0            004017b0 f   Irvine32:Irvine32.obj
 0001:000007d3       _ReadHex@0                 004017d3 f   Irvine32:Irvine32.obj
 0001:00000854       _ReadInt@0                 00401854 f   Irvine32:Irvine32.obj
 0001:0000086f       _ReadKey@0                 0040186f f   Irvine32:Irvine32.obj
 0001:0000098a       _ReadKeyFlush@0            0040198a f   Irvine32:Irvine32.obj
 0001:00000a58       _ReadString@0              00401a58 f   Irvine32:Irvine32.obj
 0001:00000b11       _SetTextColor@0            00401b11 f   Irvine32:Irvine32.obj
 0001:00000b32       _StrLength@0               00401b32 f   Irvine32:Irvine32.obj
 0001:00000b43       _Str_compare@8             00401b43 f   Irvine32:Irvine32.obj
 0001:00000b6d       _Str_copy@8                00401b6d f   Irvine32:Irvine32.obj
 0001:00000b90       _Str_length@4              00401b90 f   Irvine32:Irvine32.obj
 0001:00000baa       _Str_trim@8                00401baa f   Irvine32:Irvine32.obj
 0001:00000bd8       _Str_ucase@4               00401bd8 f   Irvine32:Irvine32.obj
 0001:00000bfa       _WaitMsg@0                 00401bfa f   Irvine32:Irvine32.obj
 0001:00000c0c       _WriteBin@0                00401c0c f   Irvine32:Irvine32.obj
 0001:00000c19       _WriteBinB@0               00401c19 f   Irvine32:Irvine32.obj
 0001:00000c6c       _WriteChar@0               00401c6c f   Irvine32:Irvine32.obj
 0001:00000c9e       _WriteDec@0                00401c9e f   Irvine32:Irvine32.obj
 0001:00000cdf       _WriteHex@0                00401cdf f   Irvine32:Irvine32.obj
 0001:00000cec       _WriteHexB@0               00401cec f   Irvine32:Irvine32.obj
 0001:00000d7e       _WriteInt@0                00401d7e f   Irvine32:Irvine32.obj
 0001:00000ddf       _WriteStackFrameName@16    00401ddf f   Irvine32:Irvine32.obj
 0001:00000f5f       _WriteStackFrame@12        00401f5f f   Irvine32:Irvine32.obj
 0001:00000f79       _WriteString@0             00401f79 f   Irvine32:Irvine32.obj
 0001:00000fa5       _WriteToFile@0             00401fa5 f   Irvine32:Irvine32.obj
 0001:00000fba       _WriteWindowsMsg@0         00401fba f   Irvine32:Irvine32.obj
 0001:00001054       _ExitProcess@4             00402054 f   kernel32:KERNEL32.dll
 0001:0000105a       _CloseHandle@4             0040205a f   kernel32:KERNEL32.dll
 0001:00001060       _CreateFileA@28            00402060 f   kernel32:KERNEL32.dll
 0001:00001066       _FormatMessageA@28         00402066 f   kernel32:KERNEL32.dll
 0001:0000106c       _FlushConsoleInputBuffer@4 0040206c f   kernel32:KERNEL32.dll
 0001:00001072       _GetCommandLineA@0         00402072 f   kernel32:KERNEL32.dll
 0001:00001078       _GetConsoleMode@8          00402078 f   kernel32:KERNEL32.dll
 0001:0000107e       _GetConsoleScreenBufferInfo@8 0040207e f   kernel32:KERNEL32.dll
 0001:00001084       _GetLastError@0            00402084 f   kernel32:KERNEL32.dll
 0001:0000108a       _GetLocalTime@4            0040208a f   kernel32:KERNEL32.dll
 0001:00001090       _GetStdHandle@4            00402090 f   kernel32:KERNEL32.dll
 0001:00001096       _GetSystemTime@4           00402096 f   kernel32:KERNEL32.dll
 0001:0000109c       _LocalFree@4               0040209c f   kernel32:KERNEL32.dll
 0001:000010a2       _PeekConsoleInputA@16      004020a2 f   kernel32:KERNEL32.dll
 0001:000010a8       _ReadConsoleA@20           004020a8 f   kernel32:KERNEL32.dll
 0001:000010ae       _ReadConsoleInputA@16      004020ae f   kernel32:KERNEL32.dll
 0001:000010b4       _ReadFile@20               004020b4 f   kernel32:KERNEL32.dll
 0001:000010ba       _SetConsoleCursorPosition@8 004020ba f   kernel32:KERNEL32.dll
 0001:000010c0       _SetConsoleMode@8          004020c0 f   kernel32:KERNEL32.dll
 0001:000010c6       _SetConsoleTextAttribute@8 004020c6 f   kernel32:KERNEL32.dll
 0001:000010cc       _Sleep@4                   004020cc f   kernel32:KERNEL32.dll
 0001:000010d2       _SystemTimeToFileTime@8    004020d2 f   kernel32:KERNEL32.dll
 0001:000010d8       _WriteConsoleA@20          004020d8 f   kernel32:KERNEL32.dll
 0001:000010de       _WriteConsoleOutputCharacterA@20 004020de f   kernel32:KERNEL32.dll
 0001:000010e4       _WriteConsoleOutputAttribute@20 004020e4 f   kernel32:KERNEL32.dll
 0001:000010ea       _WriteFile@20              004020ea f   kernel32:KERNEL32.dll
 0001:000010f0       _MessageBoxA@16            004020f0 f   user32:USER32.dll
 0004:00000000       __IMPORT_DESCRIPTOR_KERNEL32 00406000     kernel32:KERNEL32.dll
 0004:00000014       __IMPORT_DESCRIPTOR_USER32 00406014     user32:USER32.dll
 0004:00000028       __NULL_IMPORT_DESCRIPTOR   00406028     kernel32:KERNEL32.dll
 0004:00000114       __imp__ExitProcess@4       00406114     kernel32:KERNEL32.dll
 0004:00000118       __imp__CloseHandle@4       00406118     kernel32:KERNEL32.dll
 0004:0000011c       __imp__CreateFileA@28      0040611c     kernel32:KERNEL32.dll
 0004:00000120       __imp__FormatMessageA@28   00406120     kernel32:KERNEL32.dll
 0004:00000124       __imp__FlushConsoleInputBuffer@4 00406124     kernel32:KERNEL32.dll
 0004:00000128       __imp__GetCommandLineA@0   00406128     kernel32:KERNEL32.dll
 0004:0000012c       __imp__GetConsoleMode@8    0040612c     kernel32:KERNEL32.dll
 0004:00000130       __imp__GetConsoleScreenBufferInfo@8 00406130     kernel32:KERNEL32.dll
 0004:00000134       __imp__GetLastError@0      00406134     kernel32:KERNEL32.dll
 0004:00000138       __imp__GetLocalTime@4      00406138     kernel32:KERNEL32.dll
 0004:0000013c       __imp__GetStdHandle@4      0040613c     kernel32:KERNEL32.dll
 0004:00000140       __imp__GetSystemTime@4     00406140     kernel32:KERNEL32.dll
 0004:00000144       __imp__LocalFree@4         00406144     kernel32:KERNEL32.dll
 0004:00000148       __imp__PeekConsoleInputA@16 00406148     kernel32:KERNEL32.dll
 0004:0000014c       __imp__ReadConsoleA@20     0040614c     kernel32:KERNEL32.dll
 0004:00000150       __imp__ReadConsoleInputA@16 00406150     kernel32:KERNEL32.dll
 0004:00000154       __imp__ReadFile@20         00406154     kernel32:KERNEL32.dll
 0004:00000158       __imp__SetConsoleCursorPosition@8 00406158     kernel32:KERNEL32.dll
 0004:0000015c       __imp__SetConsoleMode@8    0040615c     kernel32:KERNEL32.dll
 0004:00000160       __imp__SetConsoleTextAttribute@8 00406160     kernel32:KERNEL32.dll
 0004:00000164       __imp__Sleep@4             00406164     kernel32:KERNEL32.dll
 0004:00000168       __imp__SystemTimeToFileTime@8 00406168     kernel32:KERNEL32.dll
 0004:0000016c       __imp__WriteConsoleA@20    0040616c     kernel32:KERNEL32.dll
 0004:00000170       __imp__WriteConsoleOutputCharacterA@20 00406170     kernel32:KERNEL32.dll
 0004:00000174       __imp__WriteConsoleOutputAttribute@20 00406174     kernel32:KERNEL32.dll
 0004:00000178       __imp__WriteFile@20        00406178     kernel32:KERNEL32.dll
 0004:0000017c       \177KERNEL32_NULL_THUNK_DATA 0040617c     kernel32:KERNEL32.dll
 0004:000001bc       __imp__MessageBoxA@16      004061bc     user32:USER32.dll
 0004:000001c0       \177USER32_NULL_THUNK_DATA 004061c0     user32:USER32.dll

 entry point at        0001:00000005

